\caption{
	\label{my_label}
	Some comments about table, plot and so on.
}